## List of exceptions
#acuos
anual anu|al
anuales anu|ales
arrier arri|er
bienio bi|enio
biombo bi|ombo
\bbrio bri|o
client cli|ent
confianz confi|anz
crianz cri|anz
cruel cru|el
diablo di|ablo
#diálog
#\bdiari di|ari
#\bdiac 
\bdia di|a
\bdiá di|á
\bdiu di|u
dieciocho dieci|ocho
ferrovial ferrovi|al
\bfia fi|a
#fianza
fortuito fortu|ito
#gorrión
\bguión gui|ón
\bguion gui|on
hiato hi|ato
huid hu|id
huir hu|ir    
jesuit jesu|it
\bmanio mani|o
miasma mi|asma
#piano
prior pri|or
\briendo ri|endo
\briéndo ri|éndo
santuario santu|ario
\bSión Si|ón
\bsión si|ón
tiara ti|ara
\btriá ri|a
\btria ri|a
trienio tri|enio
truhán tru|hán
truhan tru|han
veintiocho
######
#akuos
arieɾ ari|eɾ
bokiantʃ ari|eɾ
klient kli|ent
kɾuel kɾu|el
\bdia di|a
\bbɾio bɾi|o
#diuɾno
ferobial ferobi|al
foɾtuito foɾtu|ito
\bgion gi|on
\bgión gi|ón
ianθa i|anθa
iato i|ato
iotʃo i|otʃo
maniobɾ mani|obɾ 
pɾioɾ pɾi|oɾ
riendo ri|endo
santuaɾio santu|aɾio
tiaɾa ti|aɾa
#tɾiángulo
\btɾiá tɾi|á
\btɾia tɾi|a
\btɾie tɾi|e
tɾuán tɾu|án
tɾuan tɾu|an
xesuit xesu|it
\buid u|id
uir\b u|ir
